# name: test_categorize_ingredient_test_cases
  list([
    tuple(
      '',
      'unknown',
    ),
    tuple(
      '(13-ounce) can unsweetened coconut milk',
      'produce',
    ),
    tuple(
      '(14.5-ounce) can whole or crushed tomatoes',
      'canned & packaged',
    ),
    tuple(
      '(15-ounce) cans chickpeas',
      'canned & packaged',
    ),
    tuple(
      '(6-inch) corn tortillas',
      'bread',
    ),
    tuple(
      '1 lime',
      'produce',
    ),
    tuple(
      '1-inch piece ginger',
      'produce',
    ),
    tuple(
      '1/4 ounce active dry yeast',
      'dry goods',
    ),
    tuple(
      '14 oz cans of diced tomatoes',
      'canned & packaged',
    ),
    tuple(
      '14.5-ounce can whole peeled tomatoes',
      'canned & packaged',
    ),
    tuple(
      '15-ounce can chickpeas',
      'canned & packaged',
    ),
    tuple(
      '15-ounce container ricotta cheese',
      'dairy',
    ),
    tuple(
      '28 ounce can San Marzano tomatoes',
      'produce',
    ),
    tuple(
      '28-ounce can whole tomatoes',
      'canned & packaged',
    ),
    tuple(
      '3-to-3.5-pound butternut squash',
      'produce',
    ),
    tuple(
      '4-ounce milk chocolate bar',
      'baking',
    ),
    tuple(
      'Asian fish sauce',
      'condiments',
    ),
    tuple(
      'Chinese rice wine',
      'dry goods',
    ),
    tuple(
      'Grated Parmigiano-Reggiano',
      'cheese',
    ),
    tuple(
      'all-butter puff pastry',
      'frozen',
    ),
    tuple(
      'almond butter',
      'condiments',
    ),
    tuple(
      'almond paste',
      'condiments',
    ),
    tuple(
      'apple cider vinegar',
      'condiments',
    ),
    tuple(
      'baby bok choy',
      'produce',
    ),
    tuple(
      'beef broth',
      'meat',
    ),
    tuple(
      'beef or chicken broth',
      'meat',
    ),
    tuple(
      'beef stock',
      'canned & packaged',
    ),
    tuple(
      'best-quality apricot jam or orange marmalade',
      'produce',
    ),
    tuple(
      'bulk hot or sweet breakfast sausage or Italian sausage',
      'meat',
    ),
    tuple(
      'butternut squash',
      'produce',
    ),
    tuple(
      'butternut squash (1 small squash)',
      'produce',
    ),
    tuple(
      'chicken stock',
      'canned & packaged',
    ),
    tuple(
      'chinese egg noodles',
      'dry goods',
    ),
    tuple(
      'coconut extract',
      'produce',
    ),
    tuple(
      'coconut oil',
      'condiments',
    ),
    tuple(
      'coconut rum or dark rum',
      'produce',
    ),
    tuple(
      'coconut sugar or substitute brown sugar',
      'produce',
    ),
    tuple(
      'corn torillas',
      'produce',
    ),
    tuple(
      'corn tortilla chips',
      'dry goods',
    ),
    tuple(
      'corn tortillas',
      'bread',
    ),
    tuple(
      'cornmeal',
      'dry goods',
    ),
    tuple(
      'cornstarch',
      'dry goods',
    ),
    tuple(
      'cream of coconut',
      'canned & packaged',
    ),
    tuple(
      'cream of tartar',
      'spices',
    ),
    tuple(
      'creamy unsweetened peanut butter',
      'condiments',
    ),
    tuple(
      'crystallized ginger',
      'produce',
    ),
    tuple(
      'cubanelle peppers',
      'produce',
    ),
    tuple(
      'dark corn syrup',
      'produce',
    ),
    tuple(
      'diced canned tomatoes',
      'canned & packaged',
    ),
    tuple(
      'dill pickle chips',
      'condiments',
    ),
    tuple(
      'doubanjiang (Sichuanese fermented chile bean paste; see Note)',
      'condiments',
    ),
    tuple(
      'dried green split peas',
      'dry goods',
    ),
    tuple(
      'dry mustard powder',
      'condiments',
    ),
    tuple(
      'eggplant',
      'produce',
    ),
    tuple(
      'finely chopped cornichons or small kosher dill pickles',
      'condiments',
    ),
    tuple(
      'finely grated ginger',
      'produce',
    ),
    tuple(
      'fish sauce',
      'condiments',
    ),
    tuple(
      'graham cracker crumbs',
      'dry goods',
    ),
    tuple(
      'ground ginger',
      'produce',
    ),
    tuple(
      'hamburger buns',
      'bread',
    ),
    tuple(
      'haricot vert fins or green beans',
      'produce',
    ),
    tuple(
      'harissa or tomato paste',
      'canned & packaged',
    ),
    tuple(
      'hot italian sausage',
      'meat',
    ),
    tuple(
      'large poblano pepper',
      'spices',
    ),
    tuple(
      'lemon extract',
      'produce',
    ),
    tuple(
      'light corn syrup',
      'produce',
    ),
    tuple(
      'loaf sweet egg bread like challah or brioche',
      'bread',
    ),
    tuple(
      'low sodium chicken stock',
      'canned & packaged',
    ),
    tuple(
      'low-sodium chicken broth',
      'meat',
    ),
    tuple(
      'malted milk powder',
      'dairy',
    ),
    tuple(
      'medium-coarse yellow cornmeal',
      'dry goods',
    ),
    tuple(
      'tomato paste',
      'canned & packaged',
    ),
  ])
# ---
